Component: ARM Compiler 5.06 update 5 (build 528) Tool: armlink [4d35e2]

==============================================================================

Section Cross References

    draeepromint.o(i.EEPROMWrite) refers to interrupt.o(i.IntRegister) for IntRegister
    draeepromint.o(i.EEPROMWrite) refers to interrupt.o(i.IntEnable) for IntEnable
    draeepromint.o(i.EEPROMWrite) refers to draeepromint.o(i.FLASH_Handler) for FLASH_Handler
    draeepromint.o(i.EEPROMWrite) refers to draeepromint.o(.data) for EEIntFlag
    draeepromint.o(i.FLASH_Handler) refers to draeepromint.o(.data) for wCount
    draeepromint.o(i.main) refers to draeepromint.o(i.EEPROMInit) for EEPROMInit
    draeepromint.o(i.main) refers to draeepromint.o(i.EEPROMWrite) for EEPROMWrite
    draeepromint.o(i.main) refers to draeepromint.o(i.EEPROMRead) for EEPROMRead
    draeepromint.o(i.main) refers to draeepromint.o(.data) for pwData
    startup_tm4c123.o(STACK) refers (Special) to heapauxi.o(.text) for __use_two_region_memory
    startup_tm4c123.o(HEAP) refers (Special) to heapauxi.o(.text) for __use_two_region_memory
    startup_tm4c123.o(RESET) refers (Special) to heapauxi.o(.text) for __use_two_region_memory
    startup_tm4c123.o(RESET) refers to startup_tm4c123.o(STACK) for __initial_sp
    startup_tm4c123.o(RESET) refers to startup_tm4c123.o(.text) for Reset_Handler
    startup_tm4c123.o(RESET) refers to draeepromint.o(i.FLASH_Handler) for FLASH_Handler
    startup_tm4c123.o(.text) refers (Special) to heapauxi.o(.text) for __use_two_region_memory
    startup_tm4c123.o(.text) refers to system_tm4c123.o(i.SystemInit) for SystemInit
    startup_tm4c123.o(.text) refers to __main.o(!!!main) for __main
    startup_tm4c123.o(.text) refers to startup_tm4c123.o(HEAP) for Heap_Mem
    startup_tm4c123.o(.text) refers to startup_tm4c123.o(STACK) for Stack_Mem
    system_tm4c123.o(i.SystemCoreClockUpdate) refers to system_tm4c123.o(i.getOscClk) for getOscClk
    system_tm4c123.o(i.SystemCoreClockUpdate) refers to system_tm4c123.o(.data) for SystemCoreClock
    interrupt.o(i.IntDisable) refers to interrupt.o(.constdata) for .constdata
    interrupt.o(i.IntEnable) refers to interrupt.o(.constdata) for .constdata
    interrupt.o(i.IntIsEnabled) refers to interrupt.o(.constdata) for .constdata
    interrupt.o(i.IntMasterDisable) refers to cpu.o(.emb_text) for CPUcpsid
    interrupt.o(i.IntMasterEnable) refers to cpu.o(.emb_text) for CPUcpsie
    interrupt.o(i.IntPendClear) refers to interrupt.o(.constdata) for .constdata
    interrupt.o(i.IntPendSet) refers to interrupt.o(.constdata) for .constdata
    interrupt.o(i.IntPriorityGet) refers to interrupt.o(.constdata) for .constdata
    interrupt.o(i.IntPriorityGroupingGet) refers to interrupt.o(.constdata) for .constdata
    interrupt.o(i.IntPriorityGroupingSet) refers to interrupt.o(.constdata) for .constdata
    interrupt.o(i.IntPriorityMaskGet) refers to cpu.o(.emb_text) for CPUbasepriGet
    interrupt.o(i.IntPriorityMaskSet) refers to cpu.o(.emb_text) for CPUbasepriSet
    interrupt.o(i.IntPrioritySet) refers to interrupt.o(.constdata) for .constdata
    interrupt.o(i.IntRegister) refers to interrupt.o(vtable) for vtable
    interrupt.o(i.IntUnregister) refers to interrupt.o(i._IntDefaultHandler) for _IntDefaultHandler
    interrupt.o(i.IntUnregister) refers to interrupt.o(vtable) for vtable
    __main.o(!!!main) refers to __rtentry.o(.ARM.Collect$$rtentry$$00000000) for __rt_entry
    __rtentry.o(.ARM.Collect$$rtentry$$00000000) refers (Special) to __rtentry2.o(.ARM.Collect$$rtentry$$0000000A) for __rt_entry_li
    __rtentry.o(.ARM.Collect$$rtentry$$00000000) refers (Special) to __rtentry2.o(.ARM.Collect$$rtentry$$0000000D) for __rt_entry_main
    __rtentry.o(.ARM.Collect$$rtentry$$00000000) refers (Special) to __rtentry2.o(.ARM.Collect$$rtentry$$0000000C) for __rt_entry_postli_1
    __rtentry.o(.ARM.Collect$$rtentry$$00000000) refers (Special) to __rtentry2.o(.ARM.Collect$$rtentry$$00000009) for __rt_entry_postsh_1
    __rtentry.o(.ARM.Collect$$rtentry$$00000000) refers (Special) to __rtentry2.o(.ARM.Collect$$rtentry$$00000002) for __rt_entry_presh_1
    __rtentry.o(.ARM.Collect$$rtentry$$00000000) refers (Special) to __rtentry4.o(.ARM.Collect$$rtentry$$00000004) for __rt_entry_sh
    __rtentry2.o(.ARM.Collect$$rtentry$$00000008) refers to boardinit2.o(.text) for _platform_post_stackheap_init
    __rtentry2.o(.ARM.Collect$$rtentry$$0000000A) refers to libinit.o(.ARM.Collect$$libinit$$00000000) for __rt_lib_init
    __rtentry2.o(.ARM.Collect$$rtentry$$0000000B) refers to boardinit3.o(.text) for _platform_post_lib_init
    __rtentry2.o(.ARM.Collect$$rtentry$$0000000D) refers to draeepromint.o(i.main) for main
    __rtentry2.o(.ARM.Collect$$rtentry$$0000000D) refers to exit.o(.text) for exit
    __rtentry2.o(.ARM.exidx) refers to __rtentry2.o(.ARM.Collect$$rtentry$$00000001) for .ARM.Collect$$rtentry$$00000001
    __rtentry2.o(.ARM.exidx) refers to __rtentry2.o(.ARM.Collect$$rtentry$$00000008) for .ARM.Collect$$rtentry$$00000008
    __rtentry2.o(.ARM.exidx) refers to __rtentry2.o(.ARM.Collect$$rtentry$$0000000A) for .ARM.Collect$$rtentry$$0000000A
    __rtentry2.o(.ARM.exidx) refers to __rtentry2.o(.ARM.Collect$$rtentry$$0000000B) for .ARM.Collect$$rtentry$$0000000B
    __rtentry2.o(.ARM.exidx) refers to __rtentry2.o(.ARM.Collect$$rtentry$$0000000D) for .ARM.Collect$$rtentry$$0000000D
    __rtentry4.o(.ARM.Collect$$rtentry$$00000004) refers to sys_stackheap_outer.o(.text) for __user_setup_stackheap
    __rtentry4.o(.ARM.exidx) refers to __rtentry4.o(.ARM.Collect$$rtentry$$00000004) for .ARM.Collect$$rtentry$$00000004
    sys_stackheap_outer.o(.text) refers to libspace.o(.text) for __user_perproc_libspace
    sys_stackheap_outer.o(.text) refers to startup_tm4c123.o(.text) for __user_initial_stackheap
    exit.o(.text) refers to rtexit.o(.ARM.Collect$$rtexit$$00000000) for __rt_exit
    libinit.o(.ARM.Collect$$libinit$$00000000) refers (Special) to libinit2.o(.ARM.Collect$$libinit$$0000002E) for __rt_lib_init_alloca_1
    libinit.o(.ARM.Collect$$libinit$$00000000) refers (Special) to libinit2.o(.ARM.Collect$$libinit$$0000002C) for __rt_lib_init_argv_1
    libinit.o(.ARM.Collect$$libinit$$00000000) refers (Special) to libinit2.o(.ARM.Collect$$libinit$$0000001B) for __rt_lib_init_atexit_1
    libinit.o(.ARM.Collect$$libinit$$00000000) refers (Special) to libinit2.o(.ARM.Collect$$libinit$$00000021) for __rt_lib_init_clock_1
    libinit.o(.ARM.Collect$$libinit$$00000000) refers (Special) to libinit2.o(.ARM.Collect$$libinit$$00000032) for __rt_lib_init_cpp_1
    libinit.o(.ARM.Collect$$libinit$$00000000) refers (Special) to libinit2.o(.ARM.Collect$$libinit$$00000030) for __rt_lib_init_exceptions_1
    libinit.o(.ARM.Collect$$libinit$$00000000) refers (Special) to libinit2.o(.ARM.Collect$$libinit$$00000001) for __rt_lib_init_fp_1
    libinit.o(.ARM.Collect$$libinit$$00000000) refers (Special) to libinit2.o(.ARM.Collect$$libinit$$0000001F) for __rt_lib_init_fp_trap_1
    libinit.o(.ARM.Collect$$libinit$$00000000) refers (Special) to libinit2.o(.ARM.Collect$$libinit$$00000023) for __rt_lib_init_getenv_1
    libinit.o(.ARM.Collect$$libinit$$00000000) refers (Special) to libinit2.o(.ARM.Collect$$libinit$$0000000A) for __rt_lib_init_heap_1
    libinit.o(.ARM.Collect$$libinit$$00000000) refers (Special) to libinit2.o(.ARM.Collect$$libinit$$00000011) for __rt_lib_init_lc_collate_1
    libinit.o(.ARM.Collect$$libinit$$00000000) refers (Special) to libinit2.o(.ARM.Collect$$libinit$$00000013) for __rt_lib_init_lc_ctype_1
    libinit.o(.ARM.Collect$$libinit$$00000000) refers (Special) to libinit2.o(.ARM.Collect$$libinit$$00000015) for __rt_lib_init_lc_monetary_1
    libinit.o(.ARM.Collect$$libinit$$00000000) refers (Special) to libinit2.o(.ARM.Collect$$libinit$$00000017) for __rt_lib_init_lc_numeric_1
    libinit.o(.ARM.Collect$$libinit$$00000000) refers (Special) to libinit2.o(.ARM.Collect$$libinit$$00000019) for __rt_lib_init_lc_time_1
    libinit.o(.ARM.Collect$$libinit$$00000000) refers (Special) to libinit2.o(.ARM.Collect$$libinit$$00000004) for __rt_lib_init_preinit_1
    libinit.o(.ARM.Collect$$libinit$$00000000) refers (Special) to libinit2.o(.ARM.Collect$$libinit$$0000000E) for __rt_lib_init_rand_1
    libinit.o(.ARM.Collect$$libinit$$00000000) refers (Special) to libinit2.o(.ARM.Collect$$libinit$$00000033) for __rt_lib_init_return
    libinit.o(.ARM.Collect$$libinit$$00000000) refers (Special) to libinit2.o(.ARM.Collect$$libinit$$0000001D) for __rt_lib_init_signal_1
    libinit.o(.ARM.Collect$$libinit$$00000000) refers (Special) to libinit2.o(.ARM.Collect$$libinit$$00000025) for __rt_lib_init_stdio_1
    libinit.o(.ARM.Collect$$libinit$$00000000) refers (Special) to libinit2.o(.ARM.Collect$$libinit$$0000000C) for __rt_lib_init_user_alloc_1
    libspace.o(.text) refers to libspace.o(.bss) for __libspace_start
    rtexit.o(.ARM.Collect$$rtexit$$00000000) refers (Special) to rtexit2.o(.ARM.Collect$$rtexit$$00000004) for __rt_exit_exit
    rtexit.o(.ARM.Collect$$rtexit$$00000000) refers (Special) to rtexit2.o(.ARM.Collect$$rtexit$$00000003) for __rt_exit_ls
    rtexit.o(.ARM.Collect$$rtexit$$00000000) refers (Special) to rtexit2.o(.ARM.Collect$$rtexit$$00000002) for __rt_exit_prels_1
    rtexit.o(.ARM.exidx) refers (Special) to rtexit2.o(.ARM.Collect$$rtexit$$00000004) for __rt_exit_exit
    rtexit.o(.ARM.exidx) refers (Special) to rtexit2.o(.ARM.Collect$$rtexit$$00000003) for __rt_exit_ls
    rtexit.o(.ARM.exidx) refers (Special) to rtexit2.o(.ARM.Collect$$rtexit$$00000002) for __rt_exit_prels_1
    rtexit.o(.ARM.exidx) refers to rtexit.o(.ARM.Collect$$rtexit$$00000000) for .ARM.Collect$$rtexit$$00000000
    libinit2.o(.ARM.Collect$$libinit$$00000001) refers to fpinit.o(x$fpl$fpinit) for _fp_init
    libinit2.o(.ARM.Collect$$libinit$$00000010) refers to libinit2.o(.ARM.Collect$$libinit$$0000000F) for .ARM.Collect$$libinit$$0000000F
    libinit2.o(.ARM.Collect$$libinit$$00000012) refers to libinit2.o(.ARM.Collect$$libinit$$0000000F) for .ARM.Collect$$libinit$$0000000F
    libinit2.o(.ARM.Collect$$libinit$$00000014) refers to libinit2.o(.ARM.Collect$$libinit$$0000000F) for .ARM.Collect$$libinit$$0000000F
    libinit2.o(.ARM.Collect$$libinit$$00000016) refers to libinit2.o(.ARM.Collect$$libinit$$0000000F) for .ARM.Collect$$libinit$$0000000F
    libinit2.o(.ARM.Collect$$libinit$$00000018) refers to libinit2.o(.ARM.Collect$$libinit$$0000000F) for .ARM.Collect$$libinit$$0000000F
    libinit2.o(.ARM.Collect$$libinit$$00000026) refers to argv_veneer.o(.emb_text) for __ARM_argv_veneer
    libinit2.o(.ARM.Collect$$libinit$$00000027) refers to argv_veneer.o(.emb_text) for __ARM_argv_veneer
    rtexit2.o(.ARM.Collect$$rtexit$$00000003) refers to libshutdown.o(.ARM.Collect$$libshutdown$$00000000) for __rt_lib_shutdown
    rtexit2.o(.ARM.Collect$$rtexit$$00000004) refers to sys_exit.o(.text) for _sys_exit
    rtexit2.o(.ARM.exidx) refers to rtexit2.o(.ARM.Collect$$rtexit$$00000001) for .ARM.Collect$$rtexit$$00000001
    rtexit2.o(.ARM.exidx) refers to rtexit2.o(.ARM.Collect$$rtexit$$00000003) for .ARM.Collect$$rtexit$$00000003
    rtexit2.o(.ARM.exidx) refers to rtexit2.o(.ARM.Collect$$rtexit$$00000004) for .ARM.Collect$$rtexit$$00000004
    argv_veneer.o(.emb_text) refers to no_argv.o(.text) for __ARM_get_argv
    sys_exit.o(.text) refers (Special) to use_no_semi.o(.text) for __I$use$semihosting
    sys_exit.o(.text) refers (Special) to indicate_semi.o(.text) for __semihosting_library_function
    _get_argv_nomalloc.o(.text) refers (Special) to hrguard.o(.text) for __heap_region$guard
    _get_argv_nomalloc.o(.text) refers to defsig_rtmem_outer.o(.text) for __rt_SIGRTMEM
    _get_argv_nomalloc.o(.text) refers to sys_command.o(.text) for _sys_command_string
    libshutdown.o(.ARM.Collect$$libshutdown$$00000000) refers (Special) to libshutdown2.o(.ARM.Collect$$libshutdown$$00000002) for __rt_lib_shutdown_cpp_1
    libshutdown.o(.ARM.Collect$$libshutdown$$00000000) refers (Special) to libshutdown2.o(.ARM.Collect$$libshutdown$$00000007) for __rt_lib_shutdown_fp_trap_1
    libshutdown.o(.ARM.Collect$$libshutdown$$00000000) refers (Special) to libshutdown2.o(.ARM.Collect$$libshutdown$$0000000F) for __rt_lib_shutdown_heap_1
    libshutdown.o(.ARM.Collect$$libshutdown$$00000000) refers (Special) to libshutdown2.o(.ARM.Collect$$libshutdown$$00000010) for __rt_lib_shutdown_return
    libshutdown.o(.ARM.Collect$$libshutdown$$00000000) refers (Special) to libshutdown2.o(.ARM.Collect$$libshutdown$$0000000A) for __rt_lib_shutdown_signal_1
    libshutdown.o(.ARM.Collect$$libshutdown$$00000000) refers (Special) to libshutdown2.o(.ARM.Collect$$libshutdown$$00000004) for __rt_lib_shutdown_stdio_1
    libshutdown.o(.ARM.Collect$$libshutdown$$00000000) refers (Special) to libshutdown2.o(.ARM.Collect$$libshutdown$$0000000C) for __rt_lib_shutdown_user_alloc_1
    sys_command.o(.text) refers (Special) to use_no_semi.o(.text) for __I$use$semihosting
    sys_command.o(.text) refers (Special) to indicate_semi.o(.text) for __semihosting_library_function
    defsig_rtmem_outer.o(.text) refers to defsig_rtmem_inner.o(.text) for __rt_SIGRTMEM_inner
    defsig_rtmem_outer.o(.text) refers to defsig_exit.o(.text) for __sig_exit
    defsig_rtmem_formal.o(.text) refers to rt_raise.o(.text) for __rt_raise
    rt_raise.o(.text) refers to __raise.o(.text) for __raise
    rt_raise.o(.text) refers to sys_exit.o(.text) for _sys_exit
    defsig_exit.o(.text) refers to sys_exit.o(.text) for _sys_exit
    defsig_rtmem_inner.o(.text) refers to defsig_general.o(.text) for __default_signal_display
    __raise.o(.text) refers to defsig.o(CL$$defsig) for __default_signal_handler
    defsig_general.o(.text) refers to sys_wrch.o(.text) for _ttywrch
    sys_wrch.o(.text) refers (Special) to use_no_semi.o(.text) for __I$use$semihosting
    sys_wrch.o(.text) refers (Special) to indicate_semi.o(.text) for __semihosting_library_function
    defsig.o(CL$$defsig) refers to defsig_rtmem_inner.o(.text) for __rt_SIGRTMEM_inner
    defsig_abrt_inner.o(.text) refers to defsig_general.o(.text) for __default_signal_display
    defsig_fpe_inner.o(.text) refers to defsig_general.o(.text) for __default_signal_display
    defsig_rtred_inner.o(.text) refers to defsig_general.o(.text) for __default_signal_display
    defsig_stak_inner.o(.text) refers to defsig_general.o(.text) for __default_signal_display
    defsig_pvfn_inner.o(.text) refers to defsig_general.o(.text) for __default_signal_display
    defsig_cppl_inner.o(.text) refers to defsig_general.o(.text) for __default_signal_display
    defsig_segv_inner.o(.text) refers to defsig_general.o(.text) for __default_signal_display
    defsig_other.o(.text) refers to defsig_general.o(.text) for __default_signal_display


==============================================================================

Removing Unused input sections from the image.

    Removing system_tm4c123.o(.rev16_text), (4 bytes).
    Removing system_tm4c123.o(.revsh_text), (4 bytes).
    Removing system_tm4c123.o(.rrx_text), (6 bytes).
    Removing system_tm4c123.o(i.SystemCoreClockUpdate), (196 bytes).
    Removing system_tm4c123.o(i.getOscClk), (244 bytes).
    Removing system_tm4c123.o(.data), (4 bytes).
    Removing interrupt.o(i.IntDisable), (100 bytes).
    Removing interrupt.o(i.IntIsEnabled), (96 bytes).
    Removing interrupt.o(i.IntMasterDisable), (14 bytes).
    Removing interrupt.o(i.IntMasterEnable), (14 bytes).
    Removing interrupt.o(i.IntPendClear), (68 bytes).
    Removing interrupt.o(i.IntPendSet), (84 bytes).
    Removing interrupt.o(i.IntPriorityGet), (28 bytes).
    Removing interrupt.o(i.IntPriorityGroupingGet), (36 bytes).
    Removing interrupt.o(i.IntPriorityGroupingSet), (28 bytes).
    Removing interrupt.o(i.IntPriorityMaskGet), (4 bytes).
    Removing interrupt.o(i.IntPriorityMaskSet), (4 bytes).
    Removing interrupt.o(i.IntPrioritySet), (40 bytes).
    Removing interrupt.o(i.IntTrigger), (12 bytes).
    Removing interrupt.o(i.IntUnregister), (20 bytes).
    Removing interrupt.o(i._IntDefaultHandler), (2 bytes).
    Removing cpu.o(.emb_text), (38 bytes).

22 unused section(s) (total 1046 bytes) removed from the image.

==============================================================================

Image Symbol Table

    Local Symbols

    Symbol Name                              Value     Ov Type        Size  Object(Section)

    RESET                                    0x00000000   Section      620  startup_tm4c123.o(RESET)
    ../clib/angel/boardlib.s                 0x00000000   Number         0  boardshut.o ABSOLUTE
    ../clib/angel/boardlib.s                 0x00000000   Number         0  boardinit1.o ABSOLUTE
    ../clib/angel/boardlib.s                 0x00000000   Number         0  boardinit2.o ABSOLUTE
    ../clib/angel/boardlib.s                 0x00000000   Number         0  boardinit3.o ABSOLUTE
    ../clib/angel/dczerorl2.s                0x00000000   Number         0  __dczerorl2.o ABSOLUTE
    ../clib/angel/handlers.s                 0x00000000   Number         0  __scatter_zi.o ABSOLUTE
    ../clib/angel/kernel.s                   0x00000000   Number         0  rtexit.o ABSOLUTE
    ../clib/angel/kernel.s                   0x00000000   Number         0  rtexit2.o ABSOLUTE
    ../clib/angel/kernel.s                   0x00000000   Number         0  __rtentry2.o ABSOLUTE
    ../clib/angel/kernel.s                   0x00000000   Number         0  __rtentry.o ABSOLUTE
    ../clib/angel/kernel.s                   0x00000000   Number         0  __rtentry4.o ABSOLUTE
    ../clib/angel/rt.s                       0x00000000   Number         0  rt_raise.o ABSOLUTE
    ../clib/angel/scatter.s                  0x00000000   Number         0  __scatter.o ABSOLUTE
    ../clib/angel/startup.s                  0x00000000   Number         0  __main.o ABSOLUTE
    ../clib/angel/sys.s                      0x00000000   Number         0  indicate_semi.o ABSOLUTE
    ../clib/angel/sys.s                      0x00000000   Number         0  sys_stackheap_outer.o ABSOLUTE
    ../clib/angel/sys.s                      0x00000000   Number         0  use_no_semi.o ABSOLUTE
    ../clib/angel/sys.s                      0x00000000   Number         0  libspace.o ABSOLUTE
    ../clib/angel/sysapp.c                   0x00000000   Number         0  sys_exit.o ABSOLUTE
    ../clib/angel/sysapp.c                   0x00000000   Number         0  sys_wrch.o ABSOLUTE
    ../clib/angel/sysapp.c                   0x00000000   Number         0  sys_command.o ABSOLUTE
    ../clib/armsys.c                         0x00000000   Number         0  argv_veneer.o ABSOLUTE
    ../clib/armsys.c                         0x00000000   Number         0  argv_veneer.o ABSOLUTE
    ../clib/armsys.c                         0x00000000   Number         0  no_argv.o ABSOLUTE
    ../clib/armsys.c                         0x00000000   Number         0  _get_argv_nomalloc.o ABSOLUTE
    ../clib/heapalloc.c                      0x00000000   Number         0  hrguard.o ABSOLUTE
    ../clib/heapaux.c                        0x00000000   Number         0  heapauxi.o ABSOLUTE
    ../clib/libinit.s                        0x00000000   Number         0  libinit2.o ABSOLUTE
    ../clib/libinit.s                        0x00000000   Number         0  libshutdown2.o ABSOLUTE
    ../clib/libinit.s                        0x00000000   Number         0  libinit.o ABSOLUTE
    ../clib/libinit.s                        0x00000000   Number         0  libshutdown.o ABSOLUTE
    ../clib/signal.c                         0x00000000   Number         0  defsig_rtmem_formal.o ABSOLUTE
    ../clib/signal.c                         0x00000000   Number         0  defsig_rtmem_outer.o ABSOLUTE
    ../clib/signal.c                         0x00000000   Number         0  defsig_other.o ABSOLUTE
    ../clib/signal.c                         0x00000000   Number         0  __raise.o ABSOLUTE
    ../clib/signal.c                         0x00000000   Number         0  defsig_segv_inner.o ABSOLUTE
    ../clib/signal.c                         0x00000000   Number         0  defsig_cppl_inner.o ABSOLUTE
    ../clib/signal.c                         0x00000000   Number         0  defsig_pvfn_inner.o ABSOLUTE
    ../clib/signal.c                         0x00000000   Number         0  defsig_stak_inner.o ABSOLUTE
    ../clib/signal.c                         0x00000000   Number         0  defsig_rtred_inner.o ABSOLUTE
    ../clib/signal.c                         0x00000000   Number         0  defsig_fpe_inner.o ABSOLUTE
    ../clib/signal.c                         0x00000000   Number         0  defsig_abrt_inner.o ABSOLUTE
    ../clib/signal.c                         0x00000000   Number         0  defsig_general.o ABSOLUTE
    ../clib/signal.c                         0x00000000   Number         0  defsig_rtmem_inner.o ABSOLUTE
    ../clib/signal.c                         0x00000000   Number         0  defsig_exit.o ABSOLUTE
    ../clib/signal.s                         0x00000000   Number         0  defsig.o ABSOLUTE
    ../clib/stdlib.c                         0x00000000   Number         0  exit.o ABSOLUTE
    ../fplib/fpinit.s                        0x00000000   Number         0  fpinit.o ABSOLUTE
    DRAEEPROMInt.c                           0x00000000   Number         0  draeepromint.o ABSOLUTE
    RTE\Device\TM4C123GH6PM\startup_TM4C123.s 0x00000000   Number         0  startup_tm4c123.o ABSOLUTE
    RTE\Device\TM4C123GH6PM\system_TM4C123.c 0x00000000   Number         0  system_tm4c123.o ABSOLUTE
    RTE\\Device\\TM4C123GH6PM\\system_TM4C123.c 0x00000000   Number         0  system_tm4c123.o ABSOLUTE
    cpu.c                                    0x00000000   Number         0  cpu.o ABSOLUTE
    cpu.c                                    0x00000000   Number         0  cpu.o ABSOLUTE
    dc.s                                     0x00000000   Number         0  dc.o ABSOLUTE
    interrupt.c                              0x00000000   Number         0  interrupt.o ABSOLUTE
    !!!main                                  0x0000026c   Section        8  __main.o(!!!main)
    !!!scatter                               0x00000274   Section       52  __scatter.o(!!!scatter)
    !!dczerorl2                              0x000002a8   Section       90  __dczerorl2.o(!!dczerorl2)
    !!handler_zi                             0x00000304   Section       28  __scatter_zi.o(!!handler_zi)
    .ARM.Collect$$libinit$$00000000          0x00000320   Section        2  libinit.o(.ARM.Collect$$libinit$$00000000)
    .ARM.Collect$$libinit$$00000001          0x00000322   Section        4  libinit2.o(.ARM.Collect$$libinit$$00000001)
    .ARM.Collect$$libinit$$00000004          0x00000326   Section        0  libinit2.o(.ARM.Collect$$libinit$$00000004)
    .ARM.Collect$$libinit$$0000000A          0x00000326   Section        0  libinit2.o(.ARM.Collect$$libinit$$0000000A)
    .ARM.Collect$$libinit$$0000000C          0x00000326   Section        0  libinit2.o(.ARM.Collect$$libinit$$0000000C)
    .ARM.Collect$$libinit$$0000000E          0x00000326   Section        0  libinit2.o(.ARM.Collect$$libinit$$0000000E)
    .ARM.Collect$$libinit$$00000011          0x00000326   Section        0  libinit2.o(.ARM.Collect$$libinit$$00000011)
    .ARM.Collect$$libinit$$00000013          0x00000326   Section        0  libinit2.o(.ARM.Collect$$libinit$$00000013)
    .ARM.Collect$$libinit$$00000015          0x00000326   Section        0  libinit2.o(.ARM.Collect$$libinit$$00000015)
    .ARM.Collect$$libinit$$00000017          0x00000326   Section        0  libinit2.o(.ARM.Collect$$libinit$$00000017)
    .ARM.Collect$$libinit$$00000019          0x00000326   Section        0  libinit2.o(.ARM.Collect$$libinit$$00000019)
    .ARM.Collect$$libinit$$0000001B          0x00000326   Section        0  libinit2.o(.ARM.Collect$$libinit$$0000001B)
    .ARM.Collect$$libinit$$0000001D          0x00000326   Section        0  libinit2.o(.ARM.Collect$$libinit$$0000001D)
    .ARM.Collect$$libinit$$0000001F          0x00000326   Section        0  libinit2.o(.ARM.Collect$$libinit$$0000001F)
    .ARM.Collect$$libinit$$00000021          0x00000326   Section        0  libinit2.o(.ARM.Collect$$libinit$$00000021)
    .ARM.Collect$$libinit$$00000023          0x00000326   Section        0  libinit2.o(.ARM.Collect$$libinit$$00000023)
    .ARM.Collect$$libinit$$00000025          0x00000326   Section        0  libinit2.o(.ARM.Collect$$libinit$$00000025)
    .ARM.Collect$$libinit$$0000002C          0x00000326   Section        0  libinit2.o(.ARM.Collect$$libinit$$0000002C)
    .ARM.Collect$$libinit$$0000002E          0x00000326   Section        0  libinit2.o(.ARM.Collect$$libinit$$0000002E)
    .ARM.Collect$$libinit$$00000030          0x00000326   Section        0  libinit2.o(.ARM.Collect$$libinit$$00000030)
    .ARM.Collect$$libinit$$00000032          0x00000326   Section        0  libinit2.o(.ARM.Collect$$libinit$$00000032)
    .ARM.Collect$$libinit$$00000033          0x00000326   Section        2  libinit2.o(.ARM.Collect$$libinit$$00000033)
    .ARM.Collect$$libshutdown$$00000000      0x00000328   Section        2  libshutdown.o(.ARM.Collect$$libshutdown$$00000000)
    .ARM.Collect$$libshutdown$$00000002      0x0000032a   Section        0  libshutdown2.o(.ARM.Collect$$libshutdown$$00000002)
    .ARM.Collect$$libshutdown$$00000004      0x0000032a   Section        0  libshutdown2.o(.ARM.Collect$$libshutdown$$00000004)
    .ARM.Collect$$libshutdown$$00000007      0x0000032a   Section        0  libshutdown2.o(.ARM.Collect$$libshutdown$$00000007)
    .ARM.Collect$$libshutdown$$0000000A      0x0000032a   Section        0  libshutdown2.o(.ARM.Collect$$libshutdown$$0000000A)
    .ARM.Collect$$libshutdown$$0000000C      0x0000032a   Section        0  libshutdown2.o(.ARM.Collect$$libshutdown$$0000000C)
    .ARM.Collect$$libshutdown$$0000000F      0x0000032a   Section        0  libshutdown2.o(.ARM.Collect$$libshutdown$$0000000F)
    .ARM.Collect$$libshutdown$$00000010      0x0000032a   Section        2  libshutdown2.o(.ARM.Collect$$libshutdown$$00000010)
    .ARM.Collect$$rtentry$$00000000          0x0000032c   Section        0  __rtentry.o(.ARM.Collect$$rtentry$$00000000)
    .ARM.Collect$$rtentry$$00000002          0x0000032c   Section        0  __rtentry2.o(.ARM.Collect$$rtentry$$00000002)
    .ARM.Collect$$rtentry$$00000004          0x0000032c   Section        6  __rtentry4.o(.ARM.Collect$$rtentry$$00000004)
    .ARM.Collect$$rtentry$$00000009          0x00000332   Section        0  __rtentry2.o(.ARM.Collect$$rtentry$$00000009)
    .ARM.Collect$$rtentry$$0000000A          0x00000332   Section        4  __rtentry2.o(.ARM.Collect$$rtentry$$0000000A)
    .ARM.Collect$$rtentry$$0000000C          0x00000336   Section        0  __rtentry2.o(.ARM.Collect$$rtentry$$0000000C)
    .ARM.Collect$$rtentry$$0000000D          0x00000336   Section        8  __rtentry2.o(.ARM.Collect$$rtentry$$0000000D)
    .ARM.Collect$$rtexit$$00000000           0x0000033e   Section        2  rtexit.o(.ARM.Collect$$rtexit$$00000000)
    .ARM.Collect$$rtexit$$00000002           0x00000340   Section        0  rtexit2.o(.ARM.Collect$$rtexit$$00000002)
    .ARM.Collect$$rtexit$$00000003           0x00000340   Section        4  rtexit2.o(.ARM.Collect$$rtexit$$00000003)
    .ARM.Collect$$rtexit$$00000004           0x00000344   Section        6  rtexit2.o(.ARM.Collect$$rtexit$$00000004)
    .text                                    0x0000034c   Section      276  startup_tm4c123.o(.text)
    $v0                                      0x0000034c   Number         0  startup_tm4c123.o(.text)
    .text                                    0x00000460   Section        0  heapauxi.o(.text)
    .text                                    0x00000466   Section       74  sys_stackheap_outer.o(.text)
    .text                                    0x000004b0   Section        0  exit.o(.text)
    .text                                    0x000004c4   Section        8  libspace.o(.text)
    .text                                    0x000004cc   Section        0  sys_exit.o(.text)
    .text                                    0x000004d8   Section        2  use_no_semi.o(.text)
    .text                                    0x000004da   Section        0  indicate_semi.o(.text)
    i.EEPROMInit                             0x000004dc   Section        0  draeepromint.o(i.EEPROMInit)
    i.EEPROMRead                             0x0000052c   Section        0  draeepromint.o(i.EEPROMRead)
    i.EEPROMWrite                            0x00000568   Section        0  draeepromint.o(i.EEPROMWrite)
    i.FLASH_Handler                          0x00000634   Section        0  draeepromint.o(i.FLASH_Handler)
    i.IntEnable                              0x000006c8   Section        0  interrupt.o(i.IntEnable)
    i.IntRegister                            0x0000072c   Section        0  interrupt.o(i.IntRegister)
    i.SystemInit                             0x00000760   Section        0  system_tm4c123.o(i.SystemInit)
    i.main                                   0x000007f8   Section        0  draeepromint.o(i.main)
    x$fpl$fpinit                             0x00000840   Section       10  fpinit.o(x$fpl$fpinit)
    $v0                                      0x00000840   Number         0  fpinit.o(x$fpl$fpinit)
    .constdata                               0x0000084c   Section      268  interrupt.o(.constdata)
    g_pui32Priority                          0x0000084c   Data          32  interrupt.o(.constdata)
    g_pui32Regs                              0x0000086c   Data         156  interrupt.o(.constdata)
    g_pui32EnRegs                            0x00000908   Data          20  interrupt.o(.constdata)
    g_pui32Dii16Regs                         0x0000091c   Data          20  interrupt.o(.constdata)
    g_pui32PendRegs                          0x00000930   Data          20  interrupt.o(.constdata)
    g_pui32UnpendRegs                        0x00000944   Data          20  interrupt.o(.constdata)
    .data                                    0x20000000   Section       72  draeepromint.o(.data)
    vtable                                   0x20000400   Section      620  interrupt.o(vtable)
    g_pfnRAMVectors                          0x20000400   Data         620  interrupt.o(vtable)
    .bss                                     0x2000066c   Section       96  libspace.o(.bss)
    HEAP                                     0x200006d0   Section        0  startup_tm4c123.o(HEAP)
    STACK                                    0x200006d0   Section      512  startup_tm4c123.o(STACK)
    Heap_Mem                                 0x200006d0   Data           0  startup_tm4c123.o(HEAP)
    Stack_Mem                                0x200006d0   Data         512  startup_tm4c123.o(STACK)
    __initial_sp                             0x200008d0   Data           0  startup_tm4c123.o(STACK)

    Global Symbols

    Symbol Name                              Value     Ov Type        Size  Object(Section)

    BuildAttributes$$THM_ISAv4$E$P$D$K$B$S$7EM$VFPi3$EXTD16$VFPS$VFMA$PE$A:L22UL41UL21$X:L11$S22US41US21$IEEE1$IW$USESV6$~STKCKD$USESV7$~SHL$OTIME$ROPI$EBA8$UX$STANDARDLIB$REQ8$PRES8$EABIv2 0x00000000   Number         0  anon$$obj.o ABSOLUTE
    __ARM_use_no_argv                        0x00000000   Number         0  draeepromint.o ABSOLUTE
    __Vectors                                0x00000000   Data           4  startup_tm4c123.o(RESET)
    __ARM_exceptions_init                     - Undefined Weak Reference
    __alloca_initialize                       - Undefined Weak Reference
    __arm_preinit_                            - Undefined Weak Reference
    __cpp_initialize__aeabi_                  - Undefined Weak Reference
    __cxa_finalize                            - Undefined Weak Reference
    __rt_locale                               - Undefined Weak Reference
    __sigvec_lookup                           - Undefined Weak Reference
    _atexit_init                              - Undefined Weak Reference
    _call_atexit_fns                          - Undefined Weak Reference
    _clock_init                               - Undefined Weak Reference
    _fp_trap_init                             - Undefined Weak Reference
    _fp_trap_shutdown                         - Undefined Weak Reference
    _get_lc_collate                           - Undefined Weak Reference
    _get_lc_ctype                             - Undefined Weak Reference
    _get_lc_monetary                          - Undefined Weak Reference
    _get_lc_numeric                           - Undefined Weak Reference
    _get_lc_time                              - Undefined Weak Reference
    _getenv_init                              - Undefined Weak Reference
    _handle_redirection                       - Undefined Weak Reference
    _init_alloc                               - Undefined Weak Reference
    _init_user_alloc                          - Undefined Weak Reference
    _initio                                   - Undefined Weak Reference
    _rand_init                                - Undefined Weak Reference
    _signal_finish                            - Undefined Weak Reference
    _signal_init                              - Undefined Weak Reference
    _terminate_alloc                          - Undefined Weak Reference
    _terminate_user_alloc                     - Undefined Weak Reference
    _terminateio                              - Undefined Weak Reference
    __Vectors_End                            0x0000026c   Data           0  startup_tm4c123.o(RESET)
    __Vectors_Size                           0x0000026c   Number         0  startup_tm4c123.o ABSOLUTE
    __main                                   0x0000026d   Thumb Code     8  __main.o(!!!main)
    __scatterload                            0x00000275   Thumb Code     0  __scatter.o(!!!scatter)
    __scatterload_rt2                        0x00000275   Thumb Code    44  __scatter.o(!!!scatter)
    __scatterload_rt2_thumb_only             0x00000275   Thumb Code     0  __scatter.o(!!!scatter)
    __scatterload_null                       0x00000283   Thumb Code     0  __scatter.o(!!!scatter)
    __decompress                             0x000002a9   Thumb Code    90  __dczerorl2.o(!!dczerorl2)
    __decompress1                            0x000002a9   Thumb Code     0  __dczerorl2.o(!!dczerorl2)
    __scatterload_zeroinit                   0x00000305   Thumb Code    28  __scatter_zi.o(!!handler_zi)
    __rt_lib_init                            0x00000321   Thumb Code     0  libinit.o(.ARM.Collect$$libinit$$00000000)
    __rt_lib_init_fp_1                       0x00000323   Thumb Code     0  libinit2.o(.ARM.Collect$$libinit$$00000001)
    __rt_lib_init_alloca_1                   0x00000327   Thumb Code     0  libinit2.o(.ARM.Collect$$libinit$$0000002E)
    __rt_lib_init_argv_1                     0x00000327   Thumb Code     0  libinit2.o(.ARM.Collect$$libinit$$0000002C)
    __rt_lib_init_atexit_1                   0x00000327   Thumb Code     0  libinit2.o(.ARM.Collect$$libinit$$0000001B)
    __rt_lib_init_clock_1                    0x00000327   Thumb Code     0  libinit2.o(.ARM.Collect$$libinit$$00000021)
    __rt_lib_init_cpp_1                      0x00000327   Thumb Code     0  libinit2.o(.ARM.Collect$$libinit$$00000032)
    __rt_lib_init_exceptions_1               0x00000327   Thumb Code     0  libinit2.o(.ARM.Collect$$libinit$$00000030)
    __rt_lib_init_fp_trap_1                  0x00000327   Thumb Code     0  libinit2.o(.ARM.Collect$$libinit$$0000001F)
    __rt_lib_init_getenv_1                   0x00000327   Thumb Code     0  libinit2.o(.ARM.Collect$$libinit$$00000023)
    __rt_lib_init_heap_1                     0x00000327   Thumb Code     0  libinit2.o(.ARM.Collect$$libinit$$0000000A)
    __rt_lib_init_lc_collate_1               0x00000327   Thumb Code     0  libinit2.o(.ARM.Collect$$libinit$$00000011)
    __rt_lib_init_lc_ctype_1                 0x00000327   Thumb Code     0  libinit2.o(.ARM.Collect$$libinit$$00000013)
    __rt_lib_init_lc_monetary_1              0x00000327   Thumb Code     0  libinit2.o(.ARM.Collect$$libinit$$00000015)
    __rt_lib_init_lc_numeric_1               0x00000327   Thumb Code     0  libinit2.o(.ARM.Collect$$libinit$$00000017)
    __rt_lib_init_lc_time_1                  0x00000327   Thumb Code     0  libinit2.o(.ARM.Collect$$libinit$$00000019)
    __rt_lib_init_preinit_1                  0x00000327   Thumb Code     0  libinit2.o(.ARM.Collect$$libinit$$00000004)
    __rt_lib_init_rand_1                     0x00000327   Thumb Code     0  libinit2.o(.ARM.Collect$$libinit$$0000000E)
    __rt_lib_init_return                     0x00000327   Thumb Code     0  libinit2.o(.ARM.Collect$$libinit$$00000033)
    __rt_lib_init_signal_1                   0x00000327   Thumb Code     0  libinit2.o(.ARM.Collect$$libinit$$0000001D)
    __rt_lib_init_stdio_1                    0x00000327   Thumb Code     0  libinit2.o(.ARM.Collect$$libinit$$00000025)
    __rt_lib_init_user_alloc_1               0x00000327   Thumb Code     0  libinit2.o(.ARM.Collect$$libinit$$0000000C)
    __rt_lib_shutdown                        0x00000329   Thumb Code     0  libshutdown.o(.ARM.Collect$$libshutdown$$00000000)
    __rt_lib_shutdown_cpp_1                  0x0000032b   Thumb Code     0  libshutdown2.o(.ARM.Collect$$libshutdown$$00000002)
    __rt_lib_shutdown_fp_trap_1              0x0000032b   Thumb Code     0  libshutdown2.o(.ARM.Collect$$libshutdown$$00000007)
    __rt_lib_shutdown_heap_1                 0x0000032b   Thumb Code     0  libshutdown2.o(.ARM.Collect$$libshutdown$$0000000F)
    __rt_lib_shutdown_return                 0x0000032b   Thumb Code     0  libshutdown2.o(.ARM.Collect$$libshutdown$$00000010)
    __rt_lib_shutdown_signal_1               0x0000032b   Thumb Code     0  libshutdown2.o(.ARM.Collect$$libshutdown$$0000000A)
    __rt_lib_shutdown_stdio_1                0x0000032b   Thumb Code     0  libshutdown2.o(.ARM.Collect$$libshutdown$$00000004)
    __rt_lib_shutdown_user_alloc_1           0x0000032b   Thumb Code     0  libshutdown2.o(.ARM.Collect$$libshutdown$$0000000C)
    __rt_entry                               0x0000032d   Thumb Code     0  __rtentry.o(.ARM.Collect$$rtentry$$00000000)
    __rt_entry_presh_1                       0x0000032d   Thumb Code     0  __rtentry2.o(.ARM.Collect$$rtentry$$00000002)
    __rt_entry_sh                            0x0000032d   Thumb Code     0  __rtentry4.o(.ARM.Collect$$rtentry$$00000004)
    __rt_entry_li                            0x00000333   Thumb Code     0  __rtentry2.o(.ARM.Collect$$rtentry$$0000000A)
    __rt_entry_postsh_1                      0x00000333   Thumb Code     0  __rtentry2.o(.ARM.Collect$$rtentry$$00000009)
    __rt_entry_main                          0x00000337   Thumb Code     0  __rtentry2.o(.ARM.Collect$$rtentry$$0000000D)
    __rt_entry_postli_1                      0x00000337   Thumb Code     0  __rtentry2.o(.ARM.Collect$$rtentry$$0000000C)
    __rt_exit                                0x0000033f   Thumb Code     0  rtexit.o(.ARM.Collect$$rtexit$$00000000)
    __rt_exit_ls                             0x00000341   Thumb Code     0  rtexit2.o(.ARM.Collect$$rtexit$$00000003)
    __rt_exit_prels_1                        0x00000341   Thumb Code     0  rtexit2.o(.ARM.Collect$$rtexit$$00000002)
    __rt_exit_exit                           0x00000345   Thumb Code     0  rtexit2.o(.ARM.Collect$$rtexit$$00000004)
    Reset_Handler                            0x0000034d   Thumb Code     8  startup_tm4c123.o(.text)
    NMI_Handler                              0x00000355   Thumb Code     2  startup_tm4c123.o(.text)
    HardFault_Handler                        0x00000357   Thumb Code     2  startup_tm4c123.o(.text)
    MemManage_Handler                        0x00000359   Thumb Code     2  startup_tm4c123.o(.text)
    BusFault_Handler                         0x0000035b   Thumb Code     2  startup_tm4c123.o(.text)
    UsageFault_Handler                       0x0000035d   Thumb Code     2  startup_tm4c123.o(.text)
    SVC_Handler                              0x0000035f   Thumb Code     2  startup_tm4c123.o(.text)
    DebugMon_Handler                         0x00000361   Thumb Code     2  startup_tm4c123.o(.text)
    PendSV_Handler                           0x00000363   Thumb Code     2  startup_tm4c123.o(.text)
    SysTick_Handler                          0x00000365   Thumb Code     2  startup_tm4c123.o(.text)
    GPIOA_Handler                            0x00000367   Thumb Code     2  startup_tm4c123.o(.text)
    GPIOB_Handler                            0x00000369   Thumb Code     2  startup_tm4c123.o(.text)
    GPIOC_Handler                            0x0000036b   Thumb Code     2  startup_tm4c123.o(.text)
    GPIOD_Handler                            0x0000036d   Thumb Code     2  startup_tm4c123.o(.text)
    GPIOE_Handler                            0x0000036f   Thumb Code     2  startup_tm4c123.o(.text)
    UART0_Handler                            0x00000371   Thumb Code     2  startup_tm4c123.o(.text)
    UART1_Handler                            0x00000373   Thumb Code     2  startup_tm4c123.o(.text)
    SSI0_Handler                             0x00000375   Thumb Code     2  startup_tm4c123.o(.text)
    I2C0_Handler                             0x00000377   Thumb Code     2  startup_tm4c123.o(.text)
    PMW0_FAULT_Handler                       0x00000379   Thumb Code     2  startup_tm4c123.o(.text)
    PWM0_0_Handler                           0x0000037b   Thumb Code     2  startup_tm4c123.o(.text)
    PWM0_1_Handler                           0x0000037d   Thumb Code     2  startup_tm4c123.o(.text)
    PWM0_2_Handler                           0x0000037f   Thumb Code     2  startup_tm4c123.o(.text)
    QEI0_Handler                             0x00000381   Thumb Code     2  startup_tm4c123.o(.text)
    ADC0SS0_Handler                          0x00000383   Thumb Code     2  startup_tm4c123.o(.text)
    ADC0SS1_Handler                          0x00000385   Thumb Code     2  startup_tm4c123.o(.text)
    ADC0SS2_Handler                          0x00000387   Thumb Code     2  startup_tm4c123.o(.text)
    ADC0SS3_Handler                          0x00000389   Thumb Code     2  startup_tm4c123.o(.text)
    WDT0_Handler                             0x0000038b   Thumb Code     2  startup_tm4c123.o(.text)
    TIMER0A_Handler                          0x0000038d   Thumb Code     2  startup_tm4c123.o(.text)
    TIMER0B_Handler                          0x0000038f   Thumb Code     2  startup_tm4c123.o(.text)
    TIMER1A_Handler                          0x00000391   Thumb Code     2  startup_tm4c123.o(.text)
    TIMER1B_Handler                          0x00000393   Thumb Code     2  startup_tm4c123.o(.text)
    TIMER2A_Handler                          0x00000395   Thumb Code     2  startup_tm4c123.o(.text)
    TIMER2B_Handler                          0x00000397   Thumb Code     2  startup_tm4c123.o(.text)
    COMP0_Handler                            0x00000399   Thumb Code     2  startup_tm4c123.o(.text)
    COMP1_Handler                            0x0000039b   Thumb Code     2  startup_tm4c123.o(.text)
    COMP2_Handler                            0x0000039d   Thumb Code     2  startup_tm4c123.o(.text)
    SYSCTL_Handler                           0x0000039f   Thumb Code     2  startup_tm4c123.o(.text)
    GPIOF_Handler                            0x000003a3   Thumb Code     2  startup_tm4c123.o(.text)
    GPIOG_Handler                            0x000003a5   Thumb Code     2  startup_tm4c123.o(.text)
    GPIOH_Handler                            0x000003a7   Thumb Code     2  startup_tm4c123.o(.text)
    UART2_Handler                            0x000003a9   Thumb Code     2  startup_tm4c123.o(.text)
    SSI1_Handler                             0x000003ab   Thumb Code     2  startup_tm4c123.o(.text)
    TIMER3A_Handler                          0x000003ad   Thumb Code     2  startup_tm4c123.o(.text)
    TIMER3B_Handler                          0x000003af   Thumb Code     2  startup_tm4c123.o(.text)
    I2C1_Handler                             0x000003b1   Thumb Code     2  startup_tm4c123.o(.text)
    QEI1_Handler                             0x000003b3   Thumb Code     2  startup_tm4c123.o(.text)
    CAN0_Handler                             0x000003b5   Thumb Code     2  startup_tm4c123.o(.text)
    CAN1_Handler                             0x000003b7   Thumb Code     2  startup_tm4c123.o(.text)
    CAN2_Handler                             0x000003b9   Thumb Code     2  startup_tm4c123.o(.text)
    HIB_Handler                              0x000003bb   Thumb Code     2  startup_tm4c123.o(.text)
    USB0_Handler                             0x000003bd   Thumb Code     2  startup_tm4c123.o(.text)
    PWM0_3_Handler                           0x000003bf   Thumb Code     2  startup_tm4c123.o(.text)
    UDMA_Handler                             0x000003c1   Thumb Code     2  startup_tm4c123.o(.text)
    UDMAERR_Handler                          0x000003c3   Thumb Code     2  startup_tm4c123.o(.text)
    ADC1SS0_Handler                          0x000003c5   Thumb Code     2  startup_tm4c123.o(.text)
    ADC1SS1_Handler                          0x000003c7   Thumb Code     2  startup_tm4c123.o(.text)
    ADC1SS2_Handler                          0x000003c9   Thumb Code     2  startup_tm4c123.o(.text)
    ADC1SS3_Handler                          0x000003cb   Thumb Code     2  startup_tm4c123.o(.text)
    GPIOJ_Handler                            0x000003cd   Thumb Code     2  startup_tm4c123.o(.text)
    GPIOK_Handler                            0x000003cf   Thumb Code     2  startup_tm4c123.o(.text)
    GPIOL_Handler                            0x000003d1   Thumb Code     2  startup_tm4c123.o(.text)
    SSI2_Handler                             0x000003d3   Thumb Code     2  startup_tm4c123.o(.text)
    SSI3_Handler                             0x000003d5   Thumb Code     2  startup_tm4c123.o(.text)
    UART3_Handler                            0x000003d7   Thumb Code     2  startup_tm4c123.o(.text)
    UART4_Handler                            0x000003d9   Thumb Code     2  startup_tm4c123.o(.text)
    UART5_Handler                            0x000003db   Thumb Code     2  startup_tm4c123.o(.text)
    UART6_Handler                            0x000003dd   Thumb Code     2  startup_tm4c123.o(.text)
    UART7_Handler                            0x000003df   Thumb Code     2  startup_tm4c123.o(.text)
    I2C2_Handler                             0x000003e1   Thumb Code     2  startup_tm4c123.o(.text)
    I2C3_Handler                             0x000003e3   Thumb Code     2  startup_tm4c123.o(.text)
    TIMER4A_Handler                          0x000003e5   Thumb Code     2  startup_tm4c123.o(.text)
    TIMER4B_Handler                          0x000003e7   Thumb Code     2  startup_tm4c123.o(.text)
    TIMER5A_Handler                          0x000003e9   Thumb Code     2  startup_tm4c123.o(.text)
    TIMER5B_Handler                          0x000003eb   Thumb Code     2  startup_tm4c123.o(.text)
    WTIMER0A_Handler                         0x000003ed   Thumb Code     2  startup_tm4c123.o(.text)
    WTIMER0B_Handler                         0x000003ef   Thumb Code     2  startup_tm4c123.o(.text)
    WTIMER1A_Handler                         0x000003f1   Thumb Code     2  startup_tm4c123.o(.text)
    WTIMER1B_Handler                         0x000003f3   Thumb Code     2  startup_tm4c123.o(.text)
    WTIMER2A_Handler                         0x000003f5   Thumb Code     2  startup_tm4c123.o(.text)
    WTIMER2B_Handler                         0x000003f7   Thumb Code     2  startup_tm4c123.o(.text)
    WTIMER3A_Handler                         0x000003f9   Thumb Code     2  startup_tm4c123.o(.text)
    WTIMER3B_Handler                         0x000003fb   Thumb Code     2  startup_tm4c123.o(.text)
    WTIMER4A_Handler                         0x000003fd   Thumb Code     2  startup_tm4c123.o(.text)
    WTIMER4B_Handler                         0x000003ff   Thumb Code     2  startup_tm4c123.o(.text)
    WTIMER5A_Handler                         0x00000401   Thumb Code     2  startup_tm4c123.o(.text)
    WTIMER5B_Handler                         0x00000403   Thumb Code     2  startup_tm4c123.o(.text)
    FPU_Handler                              0x00000405   Thumb Code     2  startup_tm4c123.o(.text)
    I2C4_Handler                             0x00000407   Thumb Code     2  startup_tm4c123.o(.text)
    I2C5_Handler                             0x00000409   Thumb Code     2  startup_tm4c123.o(.text)
    GPIOM_Handler                            0x0000040b   Thumb Code     2  startup_tm4c123.o(.text)
    GPION_Handler                            0x0000040d   Thumb Code     2  startup_tm4c123.o(.text)
    QEI2_Handler                             0x0000040f   Thumb Code     2  startup_tm4c123.o(.text)
    GPIOP0_Handler                           0x00000411   Thumb Code     2  startup_tm4c123.o(.text)
    GPIOP1_Handler                           0x00000413   Thumb Code     2  startup_tm4c123.o(.text)
    GPIOP2_Handler                           0x00000415   Thumb Code     2  startup_tm4c123.o(.text)
    GPIOP3_Handler                           0x00000417   Thumb Code     2  startup_tm4c123.o(.text)
    GPIOP4_Handler                           0x00000419   Thumb Code     2  startup_tm4c123.o(.text)
    GPIOP5_Handler                           0x0000041b   Thumb Code     2  startup_tm4c123.o(.text)
    GPIOP6_Handler                           0x0000041d   Thumb Code     2  startup_tm4c123.o(.text)
    GPIOP7_Handler                           0x0000041f   Thumb Code     2  startup_tm4c123.o(.text)
    GPIOQ0_Handler                           0x00000421   Thumb Code     2  startup_tm4c123.o(.text)
    GPIOQ1_Handler                           0x00000423   Thumb Code     2  startup_tm4c123.o(.text)
    GPIOQ2_Handler                           0x00000425   Thumb Code     2  startup_tm4c123.o(.text)
    GPIOQ3_Handler                           0x00000427   Thumb Code     2  startup_tm4c123.o(.text)
    GPIOQ4_Handler                           0x00000429   Thumb Code     2  startup_tm4c123.o(.text)
    GPIOQ5_Handler                           0x0000042b   Thumb Code     2  startup_tm4c123.o(.text)
    GPIOQ6_Handler                           0x0000042d   Thumb Code     2  startup_tm4c123.o(.text)
    GPIOQ7_Handler                           0x0000042f   Thumb Code     2  startup_tm4c123.o(.text)
    GPIOR_Handler                            0x00000431   Thumb Code     2  startup_tm4c123.o(.text)
    GPIOS_Handler                            0x00000433   Thumb Code     2  startup_tm4c123.o(.text)
    PMW1_0_Handler                           0x00000435   Thumb Code     2  startup_tm4c123.o(.text)
    PWM1_1_Handler                           0x00000437   Thumb Code     2  startup_tm4c123.o(.text)
    PWM1_2_Handler                           0x00000439   Thumb Code     2  startup_tm4c123.o(.text)
    PWM1_3_Handler                           0x0000043b   Thumb Code     2  startup_tm4c123.o(.text)
    PWM1_FAULT_Handler                       0x0000043d   Thumb Code     2  startup_tm4c123.o(.text)
    __user_initial_stackheap                 0x00000441   Thumb Code     0  startup_tm4c123.o(.text)
    __use_two_region_memory                  0x00000461   Thumb Code     2  heapauxi.o(.text)
    __rt_heap_escrow$2region                 0x00000463   Thumb Code     2  heapauxi.o(.text)
    __rt_heap_expand$2region                 0x00000465   Thumb Code     2  heapauxi.o(.text)
    __user_setup_stackheap                   0x00000467   Thumb Code    74  sys_stackheap_outer.o(.text)
    exit                                     0x000004b1   Thumb Code    18  exit.o(.text)
    __user_libspace                          0x000004c5   Thumb Code     8  libspace.o(.text)
    __user_perproc_libspace                  0x000004c5   Thumb Code     0  libspace.o(.text)
    __user_perthread_libspace                0x000004c5   Thumb Code     0  libspace.o(.text)
    _sys_exit                                0x000004cd   Thumb Code     8  sys_exit.o(.text)
    __I$use$semihosting                      0x000004d9   Thumb Code     0  use_no_semi.o(.text)
    __use_no_semihosting_swi                 0x000004d9   Thumb Code     2  use_no_semi.o(.text)
    __semihosting_library_function           0x000004db   Thumb Code     0  indicate_semi.o(.text)
    EEPROMInit                               0x000004dd   Thumb Code    72  draeepromint.o(i.EEPROMInit)
    EEPROMRead                               0x0000052d   Thumb Code    56  draeepromint.o(i.EEPROMRead)
    EEPROMWrite                              0x00000569   Thumb Code   174  draeepromint.o(i.EEPROMWrite)
    FLASH_Handler                            0x00000635   Thumb Code   126  draeepromint.o(i.FLASH_Handler)
    IntEnable                                0x000006c9   Thumb Code    92  interrupt.o(i.IntEnable)
    IntRegister                              0x0000072d   Thumb Code    44  interrupt.o(i.IntRegister)
    SystemInit                               0x00000761   Thumb Code   112  system_tm4c123.o(i.SystemInit)
    main                                     0x000007f9   Thumb Code    62  draeepromint.o(i.main)
    _fp_init                                 0x00000841   Thumb Code    10  fpinit.o(x$fpl$fpinit)
    __fplib_config_fpu_vfp                   0x00000849   Thumb Code     0  fpinit.o(x$fpl$fpinit)
    __fplib_config_pureend_doubles           0x00000849   Thumb Code     0  fpinit.o(x$fpl$fpinit)
    Region$$Table$$Base                      0x00000958   Number         0  anon$$obj.o(Region$$Table)
    Region$$Table$$Limit                     0x00000978   Number         0  anon$$obj.o(Region$$Table)
    EEIntFlag                                0x20000000   Data           4  draeepromint.o(.data)
    wCount                                   0x20000004   Data           4  draeepromint.o(.data)
    pwData                                   0x20000008   Data          64  draeepromint.o(.data)
    __libspace_start                         0x2000066c   Data          96  libspace.o(.bss)
    __temporary_stack_top$libspace           0x200006cc   Data           0  libspace.o(.bss)



==============================================================================

Memory Map of the image

  Image Entry point : 0x0000034d

  Load Region LR_1 (Base: 0x00000000, Size: 0x00000fe4, Max: 0xffffffff, ABSOLUTE, COMPRESSED[0x000009c0])

    Execution Region ER_RO (Exec base: 0x00000000, Load base: 0x00000000, Size: 0x00000978, Max: 0xffffffff, ABSOLUTE)

    Exec Addr    Load Addr    Size         Type   Attr      Idx    E Section Name        Object

    0x00000000   0x00000000   0x0000026c   Data   RO           68    RESET               startup_tm4c123.o
    0x0000026c   0x0000026c   0x00000008   Code   RO          279  * !!!main             c_w.l(__main.o)
    0x00000274   0x00000274   0x00000034   Code   RO          438    !!!scatter          c_w.l(__scatter.o)
    0x000002a8   0x000002a8   0x0000005a   Code   RO          436    !!dczerorl2         c_w.l(__dczerorl2.o)
    0x00000302   0x00000302   0x00000002   PAD
    0x00000304   0x00000304   0x0000001c   Code   RO          440    !!handler_zi        c_w.l(__scatter_zi.o)
    0x00000320   0x00000320   0x00000002   Code   RO          306    .ARM.Collect$$libinit$$00000000  c_w.l(libinit.o)
    0x00000322   0x00000322   0x00000004   Code   RO          312    .ARM.Collect$$libinit$$00000001  c_w.l(libinit2.o)
    0x00000326   0x00000326   0x00000000   Code   RO          315    .ARM.Collect$$libinit$$00000004  c_w.l(libinit2.o)
    0x00000326   0x00000326   0x00000000   Code   RO          318    .ARM.Collect$$libinit$$0000000A  c_w.l(libinit2.o)
    0x00000326   0x00000326   0x00000000   Code   RO          320    .ARM.Collect$$libinit$$0000000C  c_w.l(libinit2.o)
    0x00000326   0x00000326   0x00000000   Code   RO          322    .ARM.Collect$$libinit$$0000000E  c_w.l(libinit2.o)
    0x00000326   0x00000326   0x00000000   Code   RO          325    .ARM.Collect$$libinit$$00000011  c_w.l(libinit2.o)
    0x00000326   0x00000326   0x00000000   Code   RO          327    .ARM.Collect$$libinit$$00000013  c_w.l(libinit2.o)
    0x00000326   0x00000326   0x00000000   Code   RO          329    .ARM.Collect$$libinit$$00000015  c_w.l(libinit2.o)
    0x00000326   0x00000326   0x00000000   Code   RO          331    .ARM.Collect$$libinit$$00000017  c_w.l(libinit2.o)
    0x00000326   0x00000326   0x00000000   Code   RO          333    .ARM.Collect$$libinit$$00000019  c_w.l(libinit2.o)
    0x00000326   0x00000326   0x00000000   Code   RO          335    .ARM.Collect$$libinit$$0000001B  c_w.l(libinit2.o)
    0x00000326   0x00000326   0x00000000   Code   RO          337    .ARM.Collect$$libinit$$0000001D  c_w.l(libinit2.o)
    0x00000326   0x00000326   0x00000000   Code   RO          339    .ARM.Collect$$libinit$$0000001F  c_w.l(libinit2.o)
    0x00000326   0x00000326   0x00000000   Code   RO          341    .ARM.Collect$$libinit$$00000021  c_w.l(libinit2.o)
    0x00000326   0x00000326   0x00000000   Code   RO          343    .ARM.Collect$$libinit$$00000023  c_w.l(libinit2.o)
    0x00000326   0x00000326   0x00000000   Code   RO          345    .ARM.Collect$$libinit$$00000025  c_w.l(libinit2.o)
    0x00000326   0x00000326   0x00000000   Code   RO          349    .ARM.Collect$$libinit$$0000002C  c_w.l(libinit2.o)
    0x00000326   0x00000326   0x00000000   Code   RO          351    .ARM.Collect$$libinit$$0000002E  c_w.l(libinit2.o)
    0x00000326   0x00000326   0x00000000   Code   RO          353    .ARM.Collect$$libinit$$00000030  c_w.l(libinit2.o)
    0x00000326   0x00000326   0x00000000   Code   RO          355    .ARM.Collect$$libinit$$00000032  c_w.l(libinit2.o)
    0x00000326   0x00000326   0x00000002   Code   RO          356    .ARM.Collect$$libinit$$00000033  c_w.l(libinit2.o)
    0x00000328   0x00000328   0x00000002   Code   RO          376    .ARM.Collect$$libshutdown$$00000000  c_w.l(libshutdown.o)
    0x0000032a   0x0000032a   0x00000000   Code   RO          389    .ARM.Collect$$libshutdown$$00000002  c_w.l(libshutdown2.o)
    0x0000032a   0x0000032a   0x00000000   Code   RO          391    .ARM.Collect$$libshutdown$$00000004  c_w.l(libshutdown2.o)
    0x0000032a   0x0000032a   0x00000000   Code   RO          394    .ARM.Collect$$libshutdown$$00000007  c_w.l(libshutdown2.o)
    0x0000032a   0x0000032a   0x00000000   Code   RO          397    .ARM.Collect$$libshutdown$$0000000A  c_w.l(libshutdown2.o)
    0x0000032a   0x0000032a   0x00000000   Code   RO          399    .ARM.Collect$$libshutdown$$0000000C  c_w.l(libshutdown2.o)
    0x0000032a   0x0000032a   0x00000000   Code   RO          402    .ARM.Collect$$libshutdown$$0000000F  c_w.l(libshutdown2.o)
    0x0000032a   0x0000032a   0x00000002   Code   RO          403    .ARM.Collect$$libshutdown$$00000010  c_w.l(libshutdown2.o)
    0x0000032c   0x0000032c   0x00000000   Code   RO          281    .ARM.Collect$$rtentry$$00000000  c_w.l(__rtentry.o)
    0x0000032c   0x0000032c   0x00000000   Code   RO          283    .ARM.Collect$$rtentry$$00000002  c_w.l(__rtentry2.o)
    0x0000032c   0x0000032c   0x00000006   Code   RO          295    .ARM.Collect$$rtentry$$00000004  c_w.l(__rtentry4.o)
    0x00000332   0x00000332   0x00000000   Code   RO          285    .ARM.Collect$$rtentry$$00000009  c_w.l(__rtentry2.o)
    0x00000332   0x00000332   0x00000004   Code   RO          286    .ARM.Collect$$rtentry$$0000000A  c_w.l(__rtentry2.o)
    0x00000336   0x00000336   0x00000000   Code   RO          288    .ARM.Collect$$rtentry$$0000000C  c_w.l(__rtentry2.o)
    0x00000336   0x00000336   0x00000008   Code   RO          289    .ARM.Collect$$rtentry$$0000000D  c_w.l(__rtentry2.o)
    0x0000033e   0x0000033e   0x00000002   Code   RO          310    .ARM.Collect$$rtexit$$00000000  c_w.l(rtexit.o)
    0x00000340   0x00000340   0x00000000   Code   RO          358    .ARM.Collect$$rtexit$$00000002  c_w.l(rtexit2.o)
    0x00000340   0x00000340   0x00000004   Code   RO          359    .ARM.Collect$$rtexit$$00000003  c_w.l(rtexit2.o)
    0x00000344   0x00000344   0x00000006   Code   RO          360    .ARM.Collect$$rtexit$$00000004  c_w.l(rtexit2.o)
    0x0000034a   0x0000034a   0x00000002   PAD
    0x0000034c   0x0000034c   0x00000114   Code   RO           69  * .text               startup_tm4c123.o
    0x00000460   0x00000460   0x00000006   Code   RO          277    .text               c_w.l(heapauxi.o)
    0x00000466   0x00000466   0x0000004a   Code   RO          297    .text               c_w.l(sys_stackheap_outer.o)
    0x000004b0   0x000004b0   0x00000012   Code   RO          299    .text               c_w.l(exit.o)
    0x000004c2   0x000004c2   0x00000002   PAD
    0x000004c4   0x000004c4   0x00000008   Code   RO          307    .text               c_w.l(libspace.o)
    0x000004cc   0x000004cc   0x0000000c   Code   RO          368    .text               c_w.l(sys_exit.o)
    0x000004d8   0x000004d8   0x00000002   Code   RO          379    .text               c_w.l(use_no_semi.o)
    0x000004da   0x000004da   0x00000000   Code   RO          381    .text               c_w.l(indicate_semi.o)
    0x000004da   0x000004da   0x00000002   PAD
    0x000004dc   0x000004dc   0x00000050   Code   RO            1    i.EEPROMInit        draeepromint.o
    0x0000052c   0x0000052c   0x0000003c   Code   RO            2    i.EEPROMRead        draeepromint.o
    0x00000568   0x00000568   0x000000cc   Code   RO            3    i.EEPROMWrite       draeepromint.o
    0x00000634   0x00000634   0x00000094   Code   RO            4    i.FLASH_Handler     draeepromint.o
    0x000006c8   0x000006c8   0x00000064   Code   RO          132    i.IntEnable         driverlib.lib(interrupt.o)
    0x0000072c   0x0000072c   0x00000034   Code   RO          144    i.IntRegister       driverlib.lib(interrupt.o)
    0x00000760   0x00000760   0x00000098   Code   RO           78    i.SystemInit        system_tm4c123.o
    0x000007f8   0x000007f8   0x00000048   Code   RO            5    i.main              draeepromint.o
    0x00000840   0x00000840   0x0000000a   Code   RO          366    x$fpl$fpinit        fz_wm.l(fpinit.o)
    0x0000084a   0x0000084a   0x00000002   PAD
    0x0000084c   0x0000084c   0x0000010c   Data   RO          148    .constdata          driverlib.lib(interrupt.o)
    0x00000958   0x00000958   0x00000020   Data   RO          434    Region$$Table       anon$$obj.o


    Execution Region ER_RW (Exec base: 0x20000000, Load base: 0x00000978, Size: 0x0000066c, Max: 0xffffffff, ABSOLUTE, COMPRESSED[0x00000048])

    Exec Addr    Load Addr    Size         Type   Attr      Idx    E Section Name        Object

    0x20000000   COMPRESSED   0x00000048   Data   RW            6    .data               draeepromint.o
    0x20000048   COMPRESSED   0x000003b8   PAD
    0x20000400   COMPRESSED   0x0000026c   Data   RW          149    vtable              driverlib.lib(interrupt.o)


    Execution Region ER_ZI (Exec base: 0x2000066c, Load base: 0x000009c0, Size: 0x00000264, Max: 0xffffffff, ABSOLUTE)

    Exec Addr    Load Addr    Size         Type   Attr      Idx    E Section Name        Object

    0x2000066c        -       0x00000060   Zero   RW          308    .bss                c_w.l(libspace.o)
    0x200006cc   0x000009c0   0x00000004   PAD
    0x200006d0        -       0x00000000   Zero   RW           67    HEAP                startup_tm4c123.o
    0x200006d0        -       0x00000200   Zero   RW           66    STACK               startup_tm4c123.o


==============================================================================

Image component sizes


      Code (inc. data)   RO Data    RW Data    ZI Data      Debug   Object Name

       564         74          0         72          0       8941   draeepromint.o
       276         24        620          0        512       5480   startup_tm4c123.o
       152         40          0          0          0        593   system_tm4c123.o

    ----------------------------------------------------------------------
       992        138        652       1024        512      15014   Object Totals
         0          0         32          0          0          0   (incl. Generated)
         0          0          0        952          0          0   (incl. Padding)

    ----------------------------------------------------------------------

      Code (inc. data)   RO Data    RW Data    ZI Data      Debug   Library Member Name

        90          0          0          0          0          0   __dczerorl2.o
         8          0          0          0          0         68   __main.o
         0          0          0          0          0          0   __rtentry.o
        12          0          0          0          0          0   __rtentry2.o
         6          0          0          0          0          0   __rtentry4.o
        52          8          0          0          0          0   __scatter.o
        28          0          0          0          0          0   __scatter_zi.o
        18          0          0          0          0         80   exit.o
         6          0          0          0          0        152   heapauxi.o
         0          0          0          0          0          0   indicate_semi.o
         2          0          0          0          0          0   libinit.o
         6          0          0          0          0          0   libinit2.o
         2          0          0          0          0          0   libshutdown.o
         2          0          0          0          0          0   libshutdown2.o
         8          4          0          0         96         68   libspace.o
         2          0          0          0          0          0   rtexit.o
        10          0          0          0          0          0   rtexit2.o
        12          4          0          0          0         68   sys_exit.o
        74          0          0          0          0         80   sys_stackheap_outer.o
         2          0          0          0          0         68   use_no_semi.o
       152         16        268        620          0       5198   interrupt.o
        10          0          0          0          0        116   fpinit.o

    ----------------------------------------------------------------------
       512         32        268        620        100       5898   Library Totals
        10          0          0          0          4          0   (incl. Padding)

    ----------------------------------------------------------------------

      Code (inc. data)   RO Data    RW Data    ZI Data      Debug   Library Name

       340         16          0          0         96        584   c_w.l
       152         16        268        620          0       5198   driverlib.lib
        10          0          0          0          0        116   fz_wm.l

    ----------------------------------------------------------------------
       512         32        268        620        100       5898   Library Totals

    ----------------------------------------------------------------------

==============================================================================


      Code (inc. data)   RO Data    RW Data    ZI Data      Debug   

      1504        170        920       1644        612      20356   Grand Totals
      1504        170        920         72        612      20356   ELF Image Totals (compressed)
      1504        170        920         72          0          0   ROM Totals

==============================================================================

    Total RO  Size (Code + RO Data)                 2424 (   2.37kB)
    Total RW  Size (RW Data + ZI Data)              2256 (   2.20kB)
    Total ROM Size (Code + RO Data + RW Data)       2496 (   2.44kB)

==============================================================================

